nohup: ignoring input
20:22:48,467 |-INFO in ch.qos.logback.classic.LoggerContext[default] - Found logback-core version ?
20:22:48,467 |-INFO in ch.qos.logback.classic.LoggerContext[default] - Found logback-classic version ?
20:22:48,467 |-WARN in ch.qos.logback.classic.LoggerContext[default] - Versions of logback-classic and ? are different or unknown.
20:22:48,467 |-INFO in ch.qos.logback.classic.util.ContextInitializer@716f7ca0 - Here is a list of configurators discovered as a service, by rank: 
20:22:48,467 |-INFO in ch.qos.logback.classic.util.ContextInitializer@716f7ca0 -   org.springframework.boot.logging.logback.RootLogLevelConfigurator
20:22:48,467 |-INFO in ch.qos.logback.classic.util.ContextInitializer@716f7ca0 - They will be invoked in order until ExecutionStatus.DO_NOT_INVOKE_NEXT_IF_ANY is returned.
20:22:48,467 |-INFO in ch.qos.logback.classic.util.ContextInitializer@716f7ca0 - Constructed configurator of type class org.springframework.boot.logging.logback.RootLogLevelConfigurator
20:22:48,467 |-INFO in ch.qos.logback.classic.util.ContextInitializer@716f7ca0 - org.springframework.boot.logging.logback.RootLogLevelConfigurator.configure() call lasted 0 milliseconds. ExecutionStatus=INVOKE_NEXT_IF_ANY
20:22:48,467 |-INFO in ch.qos.logback.classic.util.ContextInitializer@716f7ca0 - Trying to configure with ch.qos.logback.classic.util.DefaultJoranConfigurator
20:22:48,467 |-INFO in ch.qos.logback.classic.util.ContextInitializer@716f7ca0 - Constructed configurator of type class ch.qos.logback.classic.util.DefaultJoranConfigurator
20:22:48,467 |-INFO in ch.qos.logback.classic.LoggerContext[default] - Could NOT find resource [logback-test.xml]
20:22:48,468 |-INFO in ch.qos.logback.classic.LoggerContext[default] - Could NOT find resource [logback.xml]
20:22:48,468 |-INFO in ch.qos.logback.classic.util.ContextInitializer@716f7ca0 - ch.qos.logback.classic.util.DefaultJoranConfigurator.configure() call lasted 1 milliseconds. ExecutionStatus=INVOKE_NEXT_IF_ANY
20:22:48,468 |-INFO in ch.qos.logback.classic.util.ContextInitializer@716f7ca0 - Trying to configure with ch.qos.logback.classic.BasicConfigurator
20:22:48,468 |-INFO in ch.qos.logback.classic.util.ContextInitializer@716f7ca0 - Constructed configurator of type class ch.qos.logback.classic.BasicConfigurator
20:22:48,468 |-INFO in ch.qos.logback.classic.BasicConfigurator@479619e5 - Setting up default configuration.
20:22:48,468 |-INFO in ch.qos.logback.core.ConsoleAppender[console] - NOTE: Writing to the console can be slow. Try to avoid logging to the 
20:22:48,468 |-INFO in ch.qos.logback.core.ConsoleAppender[console] - console in production environments, especially in high volume systems.
20:22:48,468 |-INFO in ch.qos.logback.core.ConsoleAppender[console] - See also https://logback.qos.ch/codes.html#slowConsole
20:22:48,468 |-INFO in ch.qos.logback.classic.util.ContextInitializer@716f7ca0 - ch.qos.logback.classic.BasicConfigurator.configure() call lasted 0 milliseconds. ExecutionStatus=NEUTRAL


  .   ____          _            __ _ _
 /\\ / ___'_ __ _ _(_)_ __  __ _ \ \ \ \
( ( )\___ | '_ | '_| | '_ \/ _` | \ \ \ \
 \\/  ___)| |_)| | | | | || (_| |  ) ) ) )
  '  |____| .__|_| |_|_| |_\__, | / / / /
 =========|_|==============|___/=/_/_/_/

 :: Spring Boot ::                (v4.1.0)

Application run failed
org.springframework.boot.AotInitializerNotFoundException: Startup with AOT mode enabled failed: AOT initializer com.lab.LabApplication__ApplicationContextInitializer could not be found
	at org.springframework.boot.SpringApplication.addAotGeneratedInitializerIfNecessary(SpringApplication.java:429)
	at org.springframework.boot.SpringApplication.prepareContext(SpringApplication.java:385)
	at org.springframework.boot.SpringApplication.run(SpringApplication.java:320)
	at org.springframework.boot.SpringApplication.run(SpringApplication.java:1365)
	at org.springframework.boot.SpringApplication.run(SpringApplication.java:1354)
	at com.lab.LabApplication.main(LabApplication.java:10)
	at java.base@21.0.4/java.lang.invoke.LambdaForm$DMH/sa346b79c.invokeStaticInit(LambdaForm$DMH)
