=== INÍCIO DO TESTE DE CARGA ===
=== Fri Aug 21 06:17:17 PM UTC 2026 ===
Postgres Total -> CPU: 0.0% | MEM: 19.0%
Lab Total      -> CPU: 0.9% | MEM: 1.9%

=== Fri Aug 21 06:17:18 PM UTC 2026 ===
Postgres Total -> CPU: 0.0% | MEM: 24.0%
Lab Total      -> CPU: 1.1% | MEM: 1.9%

=== Fri Aug 21 06:17:19 PM UTC 2026 ===
Postgres Total -> CPU: 0.0% | MEM: 29.0%
Lab Total      -> CPU: 1.3% | MEM: 1.8%

=== Fri Aug 21 06:17:20 PM UTC 2026 ===
Postgres Total -> CPU: 0.0% | MEM: 33.9%
Lab Total      -> CPU: 1.5% | MEM: 1.8%

=== Fri Aug 21 06:17:21 PM UTC 2026 ===
Postgres Total -> CPU: 0.0% | MEM: 36.3%
Lab Total      -> CPU: 1.8% | MEM: 1.7%

=== Fri Aug 21 06:17:22 PM UTC 2026 ===
Postgres Total -> CPU: 0.0% | MEM: 39.0%
Lab Total      -> CPU: 2.0% | MEM: 1.8%

=== Fri Aug 21 06:17:23 PM UTC 2026 ===
Postgres Total -> CPU: 0.0% | MEM: 39.4%
Lab Total      -> CPU: 2.3% | MEM: 1.8%

=== Fri Aug 21 06:17:24 PM UTC 2026 ===
Postgres Total -> CPU: 0.0% | MEM: 39.4%
Lab Total      -> CPU: 2.6% | MEM: 1.8%

=== FIM DO TESTE DE CARGA ===
